[2026-08-10 08:38:41] [INFO] [Cache] Loaded cache from file: D:\VS\fullScheduleCache.json (20458 items)
[2026-08-10 08:38:41] [INFO] Server is running at port 3000
[2026-08-10 08:38:41] [INFO] [Cache] Initial cache loaded with 20458 entries.
[2026-08-10 08:38:41] [INFO] [FullSchedule] Triggering background full schedule crawl (interval >= 10m or initial run)...
[2026-08-10 08:38:41] [INFO] [FullSchedule] Starting complete university schedule background crawl...
[2026-08-10 08:41:30] [INFO] [Cache] Loaded cache from file: D:\VS\fullScheduleCache.json (20458 items)
[2026-08-10 08:41:31] [INFO] Server is running at port 3000
[2026-08-10 08:41:31] [INFO] [Cache] Initial cache loaded with 20458 entries.
[2026-08-10 08:41:31] [INFO] [FullSchedule] Triggering background full schedule crawl (interval >= 10m or initial run)...
[2026-08-10 08:41:31] [INFO] [FullSchedule] Starting complete university schedule background crawl...
[2026-08-10 08:42:12] [WARN] [FullSchedule] Faculty 450 group list error: HTTP status 500
[2026-08-10 08:42:21] [WARN] [FullSchedule] Faculty 530 group list error: HTTP status 500
[2026-08-10 08:42:30] [WARN] [FullSchedule] Faculty 497 group list error: HTTP status 500
[2026-08-10 08:42:39] [WARN] [FullSchedule] Faculty 535 group list error: HTTP status 500
[2026-08-10 08:50:00] [INFO] [Cron] Executing 10-minute scheduled background parse cycle...
[2026-08-10 08:50:18] [INFO] [FullSchedule] Cache UPDATED and saved to file: 20579 lessons, 626/626 groups in 527.1s. Changes: YES
[2026-08-10 09:00:00] [INFO] [Cron] Executing 10-minute scheduled background parse cycle...
[2026-08-10 09:10:00] [INFO] [Cron] Executing 10-minute scheduled background parse cycle...
[2026-08-10 09:10:00] [INFO] [FullSchedule] Triggering background full schedule crawl (interval >= 10m or initial run)...
[2026-08-10 09:10:00] [INFO] [FullSchedule] Starting complete university schedule background crawl...
[2026-08-10 09:10:41] [WARN] [FullSchedule] Faculty 450 group list error: HTTP status 500
[2026-08-10 09:10:49] [WARN] [FullSchedule] Faculty 530 group list error: HTTP status 500
[2026-08-10 09:10:58] [WARN] [FullSchedule] Faculty 497 group list error: HTTP status 500
[2026-08-10 09:11:07] [WARN] [FullSchedule] Faculty 535 group list error: HTTP status 500
[2026-08-10 09:18:47] [INFO] [Cache] Loaded cache from file: D:\VS\fullScheduleCache.json (20579 items)
[2026-08-10 09:18:48] [INFO] Server is running at port 3000
[2026-08-10 09:18:48] [INFO] [Cache] Initial cache loaded with 20579 entries.
[2026-08-10 09:18:48] [INFO] [FullSchedule] Triggering background full schedule crawl (interval >= 10m or initial run)...
[2026-08-10 09:18:48] [INFO] [FullSchedule] Starting complete university schedule background crawl...
[2026-08-10 09:18:48] [ERROR] Server failed to start: listen EADDRINUSE: address already in use :::3000
[2026-08-10 09:19:02] [INFO] [FullSchedule] Cache UPDATED and saved to file: 20579 lessons, 626/626 groups in 542.1s. Changes: YES
[2026-08-10 09:20:00] [INFO] [Cron] Executing 10-minute scheduled background parse cycle...
[2026-08-10 09:24:02] [INFO] [Cache] Loaded cache from file: D:\VS\fullScheduleCache.json (20579 items)
[2026-08-10 09:24:02] [INFO] Server is running at port 3000
[2026-08-10 09:24:02] [INFO] [Cache] Initial cache loaded with 20579 entries.
[2026-08-10 09:28:34] [INFO] [Cache] Loaded cache from file: D:\VS\fullScheduleCache.json (20579 items)
[2026-08-10 09:28:34] [INFO] Server is running at port 3000
[2026-08-10 09:28:34] [INFO] [Cache] Initial cache loaded with 20579 entries.
[2026-08-10 09:28:34] [ERROR] Server failed to start: listen EADDRINUSE: address already in use :::3000
[2026-08-10 09:30:00] [INFO] [Cron] Executing 10-minute scheduled background parse cycle...
[2026-08-10 09:30:00] [INFO] [FullSchedule] Triggering background full schedule crawl (interval >= 10m or initial run)...
[2026-08-10 09:30:00] [INFO] [FullSchedule] Starting complete university schedule background crawl...
[2026-08-10 09:30:22] [INFO] [Cache] Loaded cache from file: D:\VS\fullScheduleCache.json (20579 items)
[2026-08-10 09:30:22] [INFO] Server is running at port 3000
[2026-08-10 09:30:22] [INFO] [Cache] Initial cache loaded with 20579 entries.
[2026-08-10 09:30:22] [INFO] [FullSchedule] Triggering background full schedule crawl (interval >= 10m or initial run)...
[2026-08-10 09:30:22] [INFO] [FullSchedule] Starting complete university schedule background crawl...
[2026-08-10 09:31:03] [WARN] [FullSchedule] Faculty 450 group list error: HTTP status 500
[2026-08-10 09:31:12] [WARN] [FullSchedule] Faculty 530 group list error: HTTP status 500
[2026-08-10 09:31:21] [WARN] [FullSchedule] Faculty 497 group list error: HTTP status 500
[2026-08-10 09:31:29] [WARN] [FullSchedule] Faculty 535 group list error: HTTP status 500
[2026-08-10 09:33:52] [INFO] [Cache] Loaded cache from file: D:\VS\fullScheduleCache.json (20579 items)
[2026-08-10 09:33:52] [INFO] Server is running at port 3000
[2026-08-10 09:33:52] [INFO] [Cache] Initial cache loaded with 20579 entries.
[2026-08-10 09:33:52] [INFO] [FullSchedule] Triggering background full schedule crawl (interval >= 10m or initial run)...
[2026-08-10 09:33:52] [INFO] [FullSchedule] Starting complete university schedule background crawl...
[2026-08-10 09:34:34] [WARN] [FullSchedule] Faculty 450 group list error: HTTP status 500
[2026-08-10 09:34:42] [WARN] [FullSchedule] Faculty 530 group list error: HTTP status 500
[2026-08-10 09:34:52] [WARN] [FullSchedule] Faculty 497 group list error: HTTP status 500
[2026-08-10 09:35:00] [WARN] [FullSchedule] Faculty 535 group list error: HTTP status 500
